  FR  FR  FR  GR  FR  RD  GR  FR  FR  GR  MT  RV  MT  FR  MT  MT  MT  MT  MT
  GR  FR  GR  CT  CT  RD  GR  GR  FR  GR  CT  RV  GR  GR  FR  GR  GR  GR  FR
  GR  GR  RD  RD  RD  RD  GR  GR  GR  GR  GR  BR  GR  GR  CT  CT  GR  GR  GR
  GR  FR  RD  GR  GR  FC  CT  GR  GR  SE  SE  SE  FR  GR  GR  GR  GR  GR  FR
  GR  FR  RD  GR  GR  GR  GR  FR  SE  SE  SE  SE  GR  FR  GR  GR  CT  CT  GR
  GR  FR  RD  GR  FR  GR  GR  FR  SE  SE  SE  FR  MT  FR  GR  GR  RD  RD  RD
  GR  GR  RD  CT  GR  FR  GR  GR  SE  SE  GR  MT  FR  FR  FR  CT  RD  GR  FR
  GR  CT  RD  FR  GR  GR  GR  CT  BR  BR 1CT  GR  FR  FR  FR  FR  RD  GR  GR
  GR  FR  RD  FR  GR  GR  GR  GR  MT  RV  MT  MT  MT  MT  FR  GR  RD  GR  GR
  GR  FR  RD  FR  GR  GR  GR  MT  MT  RV  MT  MT  GR  GR  GR 1CT  RD 1CT  GR
  GR  GR 0HQ  GR  GR  GR  MT  MT  RV  RV  MT  MT  GR  GR  GR  GR  RD  GR  GR
  FR 0FC  RD 0FC  GR  MT  MT  RV  RV  MT  MT  MT  MT  GR  MT  GR 1HQ  GR  GR
  GR  GR  RD  GR  GR  MT  MT  RV  MT  MT  MT  MT  MT  MT  GR 1FC  GR 1FC  GR
team, unit type, x, y
0, tank,     1, 8
0, md_tank,  2, 7
0, INFANTRY, 2, 8
0, INFANTRY, 3, 8
0, apc,      3, 9
0, mech,     3, 10
0, mech,     4, 10

1, md_tank,   11, 2
1, artillery, 12, 2
1, tank,      14, 2
1, artillery, 14, 5
1, rockets,   14, 12
1, md_tank,   15, 4
1, infantry,  15, 9
1, infantry,  16, 1
1, infantry,  16, 2
1, tank,      16, 7
1, md_tank,   16, 11
1, infantry,  17, 9
1, rockets,   18, 12

