  SE  SE  SE  SE  SE  SE  SE  SE  SE  SE  SE  SE  SE  SE  SE  SE  SE  RF  SE  SE  SE  SE  SE  SE  SE  SE  SE  SE  SE  SE  SE  SE  SE  SE  SE  SH  FR  FR  MT  MT  MT  GR  FR  GR  FR  GR  FR  GR  FC  FR  GR  FR  GR  MT  GR  GR  FR  CT  GR  FR  GR  CT  FR  SH  SE  SH  SH  SE  SE  SE  SE  SH  GR  FR  FR  CT  SH  SH  SE  SE  SE  RF  SE  SE  SE  SH  SH  GR  FR  SH  SH  CT  GR  FR  GR  FR  GR  GR  GR  FC  FR  GR  FR  SH
  SE  SE  SE  SE  RF  SE  SE  SE  SE  SE  SE  SE  SE  SE  SE  SE  SE  SE  SE  SE  SE  SE  SE  RF  SE  SE  SE  RF  SE  SE  SE  SE  RF  SE  SE  SH  FR  MT  MT  MT  MT  MT  GR  FR  GR  FC  FR  FR  HQ  GR  GR  FR  FR  GR  FR  GR  FR  GR  MT  CT  GR10FC  GR  SP  SE  SE  SE  SE  SE  SE  SE  SE  SE  SH  SH  SE  SE  SE  SE  SE  SE  SE  SE  SE  SH  GR  GR  GR  FR  GR  GR  FR  GR  AP  GR  GR  FR  FR  FR  GR  GR  FR  GR  GR
  SE  SE  SE  SE  SE  SE  SE  SE  SE  RF  SE  SE  SE  SE  SE  SE  SE  SE  SE  SE  SE  SE  SE  SE  SE  SE  SE  SE  SE  SE  SE  SE  SE  SE  SE  SH  CT  GR  MT  MT  GR  FR  GR  GR  GR  GR  GR  GR  SH  FR  GR  GR  GR  GR  GR  CT  FR  GR  GR  FR  FR  GR  FR  SE  SE  SE  SE  SE  SE  RF  SE  SE  SE  SE  SE  SE  SE  SE  SH  SH  SE  SE  SE  SP  RD  RD  RD  RD  RD  RD  RD  RD  RD  GR  FR  GR  GR  GR  GR  GR  FR  GR  FR  FR
  SE  SE  SE  SE  SE  SE  SE  SE  SE  SE  SE  SE  SE  SE  SE  SE  SE  SE  SE  SE  SE  SE  SE  SE  SE  SE  SE  SE  SE  SE  SE  SE  SE  SE  SE  SH  FR  MT  GR  GR  GR  CT  GR  FR  FR  GR  SH  GR  SE  GR  GR  FR  SH  GR  GR  FR  GR  FR  CT  GR  GR  AP10HQ  SE  SE  RF  SE  SE  SE  SE  SE  SE  SE  SE  SH  SP  FC  FR  GR  GR  FR  CT  GR  FR  GR  GR  GR  FR  GR  GR  GR  FR  RD  RD  RD  RD  RD  RD  RD  RD  GR  GR  GR  GR
  SE  SE  SE  SE  SE  SE  SE  SE  SE  SE  SE  SE  RF  SE  SE  SE  SE  SE  SE  SE  SE  SE  SE  SE  SE  SE  SE  SE  SE  SE  SE  SE  SE  SE  SE  SE  AP  GR  MT  MT  MT  GR  FR  GR  GR  SP  SE  SE  SH  GR  FR  GR  SE  SH  GR  FR  FR  GR  RD  RD10FC  GR  FR  SE  SE  SE  SE  SE  SE  SE  SE  SE  SE  SH  FR  GR  GR  GR  FR  GR  GR  GR  GR  GR  GR  FR  GR  CT  FR  GR  FR  GR  GR  GR  FR  GR  FR  GR  GR  RD  GR  GR  FR  FR
  SE  SE  SE  SE  RF  SE  SE  SE  SE  SE  SE  SE  SE  SE  SE  SE  SE  SE  SE  RF  SE  RF  SE  SE  SE  SE  SE  SE  SE  SE  SE  SE  SE  SE  SE  SE  FR  FR  FR  MT  MT  MT  GR  GR  SH  SE  SE  SH  FR  GR  GR  SE  SE  SH  FR  GR  CT  GR  RD  FR  SP  SH  SE  SE  SE  SE  SE  SE  SE  SE  SE  CT  SE  SH  GR  FR  GR  GR  GR  GR  GR  SE  SH  FR  GR  GR  GR  GR  FR  GR  GR  GR  FR  GR  FC  GR  GR  FR  GR  RD  RD  GR  GR  GR
  SE  SE  SE  SE  SE  SE  SE  SE  SE  SE  SE  SE  SE  SE  SH  SH  SH  SE  SE  SE  SE  SE  SE  SE  SE  SE  SE  SE  SE  SE  SE  SE  SE  SE  SE  SE  GR  FR  GR  MT  FR  FR  GR  SH  SE  SE  SE  SE  GR  GR  GR  SH  SH  FR  GR  SH  GR  FR  RD  GR  SE  SE  SE  SE  SE  SE  SE  SE  SE  SE  SE  SH  SE  SH  FR  GR  GR  FR  GR  FR  GR  SH  SH  GR  GR  FR  FR  GR  GR  GR  GR  FR  GR  FR  GR  GR  GR  FR  GR  GR  RD  GR  FR  GR
  SE  SE  SE  SE  SE  SE  SE  SE  SE  SE  CT  SE  SE  MT  GR  FR  FR  SH  SE  SE  SE  SE  SE  SE  SE  SE  SE  SE  SE  SE  SE  SE  SE  SE  SE  SE  SH  CT  FR  GR  GR  GR  SH  SE  SE  SE  SE  SE  SH  CT  FR  GR  GR  GR  SH  GR  FR  RD  RD  SH  SE  RF  SE  SE  SE  SE  SE  RF  SE  SE  FR  FR  SH  SH  GR  SH  GR  GR  FR  GR  FR  GR  SH  GR  FR  GR  GR  GR  GR  FR  GR  FR  GR  GR  GR  FR  GR  GR  GR  GR  RD  GR  GR  GR
  SE  SE  SE  SE  SE  SE  RF  SE  SE  FR  FR  SE  SE  MT  FC  FR  SH  SE  SE  SE  SE  SE  SE  SE  RF  SE  SE  SE  SE  SE  SE  SE  SE  SE  SE  SE  SE  SH  GR  GR  FR  SH  SE  SE  SE  SE  RF  SE  SH  GR  GR  FR  FR  GR  SH  GR  FR  RD  CT  SH  SE  SE  SE  SE  SE  SE  SE  SE  SE  SE  SH  SE  SE  SE  SE  SH  GR  GR  CT  GR  GR  GR  GR  FR  GR  FR  GR  GR  FR  GR  FR  GR  GR  GR  FR  GR  GR  GR  GR  GR  RD  RD  GR  FR
  SE  SE  SE  SE  SE  SE  SE  SE  SE  GR  SH  SE  GR  GR  FR  GR  SE  SE  SE  SE  SE  SE  SE  SE  SE  SE  SE  SE  SE  SE  RF  SE  SE  SE  SE  SE  SE  SE  SE  SE  SE  SE  SE  RF  SE  SE  SE  SE  SE  GR  FR  FR  GR  FR  GR  GR  CT  RD  GR  SE  SE  SE  SE  GR  SE  SE  SE  SE  SE  SE  SE  SE  SE  RF  SE  SH  CT  FR  GR  GR  FR  FR  GR  GR  GR  GR  GR  GR  GR  CT  GR  GR  GR  GR  GR  GR  GR  FR  GR  GR  GR  RD  GR  CT
  SE  SE  RF  SE  SE  SE  SE  SE  SE  SE  SH  SE  GR  FR  FR  GR  SH  GR  SP  FR  SH  SE  SE  SE  SE  SE  SE  SE  SE  SE  SE  SE  SE  SE  SE  SE  SE  SE  SE  SE  SE  SE  SE  SE  SE  SH  SE  SE  SE  GR  FR  FR  GR  GR  FR  RD  RD  RD  FR  SE  SE  SE  CT  SH  SE  SE  SE  SE  SE  SH  GR  FR  SE  SE  SE  SH  GR  GR  GR  GR  FR  GR  GR  FR  FR  GR  FR  GR  GR  GR  FR  GR  FR  GR  GR  GR  GR  GR  CT  FR  GR  RD  GR  GR
  SE  SE  SE  SE  SE  SE  SE  SE  SE  SE  GR  SH  GR  GR  GR  GR  GR  FR  GR  FR  SH  SE  SE  SE  SE  SE  SE  SE  SE  SE  SE  SE  SE  SE  SE  SE  SE  SE  SE  SE  SE  SE  SE  SE  SE  GR  SH  SE  SE  SH  GR  GR  FR  FR  GR  RD  FR  GR  FR  SE  SE  SE  FR  SH  SE  SE  SE  SE  SE  GR  CT  GR  SP  SE  SE  SH  GR  GR  CT  FR  GR  GR  GR  GR  GR  GR  GR  GR  FR  GR  GR  GR  GR  GR  FR  GR  FR  FR  GR  GR  GR  RD  GR  FR
  SE  SE  SE  SE  SE  SE  SE  SE  SE  SE  SE  SH  FR  FR  MT  MT  FR  GR  GR  GR  SE  SE  SE  SE  SE  SE  SE  SE  SE  SE  SE  SE  SE  SE  SE  SE  SE  SE  SE  SE  SE  SE  SH  SP  FR  FR  SE  SE  SE  SE  FR  GR  CT  GR  GR  RD  GR  FR  CT  SE  SE  SE  SH  SE  SE  SE  RF  SE  SE  FR  GR  GR  FR  SH  SH  GR11FC  GR  GR  GR  GR  GR  FR  FR  GR  GR  GR  GR  GR  GR  GR  FR  GR  GR  GR  FR  GR  GR  GR  GR  GR  RD  CT  GR
  SE  SE  SE  SE  SE  SE  SE  SE  SE  SE  SE  SH  GR  FR  MT  GR  FR  GR  GR  SH  SE  SE  SE  SE  SE  SE  RF  SE  SE  SE  SE  SE  SE  SE  SE  RF  SE  SE  SE  SE  SE  SH  GR  GR  GR  FR  SE  SE  RF  SE  GR  FR  GR  FR  GR  RD  MT  GR  GR  SE  RF  SE  SE  SE  SE  SE  SE  SE  SP  GR  GR  GR  GR11HQ  GR  AP  GR  GR  FR  CT  GR  GR  GR  GR  FR  GR  GR  MT  GR  FR  FR  GR  GR  FR  GR  GR  GR  GR  GR  CT  GR  RD  GR  GR
  SE  SE  SE  SE  SE  SE  SE  SE  SE  SE  SE  FR  FR  FR  GR  GR  FR  FR  GR  SE  SE  SE  SE  SE  SE  SE  SE  SE  SE  SE  SE  SE  SE  SE  SE  SE  SE  SE  SE  SE  SE  GR  FR  GR  MT  GR  SH  SE  SE  SE  SE  GR  FR  GR  MT  GR  GR  FR  SH  SE  SE  SE  SE  SE  SE  SE  SE  SE  GR  GR  FR  GR  GR  RD  GR  GR  GR  GR  GR  GR  GR  FR  GR  GR  GR  GR  GR  GR  GR  GR  GR  GR  GR  GR  CT  GR  GR  GR  GR  FR  GR 5FC  GR  FR
  SE  SE  SE  SE  SE  SE  SE  SE  SE  SE  SE  SH  SH  CT  GR  GR  GR  GR  SH  SE  SE  SE  SE  SE  SE  SE  SE  SE  SE  SE  SE  SE  SE  SE  SE  SE  SE  SE  SE  SE  SE  GR  GR  CT  GR  GR  GR  SE  SE  SE  SH  GR  GR  FR  FR  GR  FR  GR  SE  SE  SE  SE  SE  SE  SE  SE  SE  SE  FR  GR  GR  CT  FR  RD11FC  GR  FR  CT  GR  GR  GR  FR  GR  GR  FR  GR  GR  GR  GR  GR  GR  GR  GR  GR  GR  GR  FR  FR  GR  GR  GR  GR  FR  GR
  SE  SE  SE  RF  SE  SE  SE  SE  SE  SE  SE  SH  SH  GR  FR  GR  FR  GR  SE  SE  SE  SE  SE  SE  SE  SE  SE  SE  SE  SE  RF  SE  SE  SE  SE  SE  SE  SE  SE  SE  SE  GR  GR  GR  FR  GR  SH  SE  SE  SH  SH  GR  FR  GR  GR  SH  SH  SH  SE  SE  SE  SE  SE  SE  RF  SE  SE  SE  GR  FR  GR  GR  FR  RD  GR  GR  CT  GR  GR  FR  GR  GR  GR  GR  FR  GR  GR  GR  FR  GR  GR  GR  MT  GR  GR  GR  GR  GR  CT  GR  GR  GR  CT  GR
  SE  SE  SE  SE  SE  SE  SE  SE  SE  SE  SH  GR  SH  SH  GR  GR  GR  GR  GR  CT  SE  SE  SE  SE  SE  SE  SE  SE  SE  SE  SE  SE  SE  SE  SE  SE  SE  SE  SE  SE  SE  GR  FR  GR  GR  SH  SE  SE  SE  GR  SH  GR  FR  CT  SH  SE  SE  SE  SE  SE  SE  SE  SE  SE  SE  SE  SE  SE  GR  GR  FR  GR  CT  RD  GR  GR  FR  GR  FR  GR  GR  GR  GR  FR  GR  GR  GR  FR  GR  GR  GR  GR  GR  GR  GR  GR  GR  GR  FR  GR  FR  AP  GR 5HQ
  SE  SE  SE  SE  SE  SE  SE  SE  SE  SE  SE  SH  SE  SE  GR  GR  FR  GR  FR  GR  MT  SE  SE  SE  RF  SE  SE  SE  SE  SE  SE  SE  SE  SE  SE  SE  SE  SE  SE  SE  SE  GR  GR  GR  FR  SH  SH  SE  GR  FC  HQ  SH  GR  FR  SH  SE  RF  SE  SE  SE  SE  SE  SE  SE  SE  RF  SE  SE  SH  GR  GR  GR  RD  RD  GR  FR  GR  GR  GR  GR  GR  FR  GR  GR  GR  GR  GR  GR  GR  GR  FR  GR  GR  GR  FR  GR  GR  GR  GR  CT  GR  GR  GR  RD
  SE  SE  SE  SE  SE  SE  SE  SE  SH  SH  SE  SE  SE  SH  GR  FR  FR  GR  GR  FR  GR  SE  SE  SE  SE  SE  SE  SE  SE  SE  SE  SE  SE  SE  SE  SE  SE  SE  SE  SE  SE  SE  GR  FR  GR  GR  FC  SE  FR  GR  SE  SE  SH  SH  SE  SE  SE  SE  SE  RF  SE  SE  SE  SE  SE  SE  SE  SE  GR  GR  GR  FR  RD  GR  CT  GR  GR  GR  FR  GR  GR  GR  GR  GR  GR  FR  GR  FR  GR  GR  GR  GR  FR  GR  GR  GR  GR  CT  GR  GR  GR  GR 5FC  RD
  SE  RF  SE  SE  SE  SE  SH  AP  FR  GR  SP  SH  SE  SH  GR  GR  GR  GR  FR  GR  GR  SE  SE  SE  SE  SE  SE  SE  SE  SE  SE  SE  RF  SE  SE  SE  SE  SE  SE  SE  SE  SE  GR  CT  GR  SH  SE  SE  FR  GR  SE  SE  SE  SE  SE  SE  SE  SE  SE  SE  SE  SE  SE  SE  SE  SE  SE  SH  MT  GR  GR  GR  RD  GR  GR  GR  GR  FR  GR  FR  GR  FR  GR  GR  CT  GR  GR  GR  MT  GR  FR  GR  GR  GR  GR  GR  GR  GR  FR  GR  CT  GR  GR  RD
  SE  SE  SE  SE  SE  SH  GR  GR  GR  MT  FR  GR  SE  SE  SH  SH  SH  GR  GR  MT  FR  SH  SE  SE  SE  SE  SE  SE  SE  SE  SE  SE  SE  SE  SE  SE  SE  SE  SE  SE  SE  SE  GR  GR  GR  SE  SE  SH  GR  FR  SE  SE  SE  SE  RF  SE  SE  SE  SE  SE  SH  GR  GR  SH  SE  SE  GR  GR  FR  GR  RD  RD  RD  GR  GR  GR  GR  GR  GR  GR  GR  GR  GR  FR  GR  GR  GR  GR  GR  GR  GR  GR  GR  GR  GR  GR  GR  FC  GR  GR  RD  RD  RD  RD
  SE  SE  SE  SE  SE  SE  SH  GR  GR  GR  GR  GR  SH  SE  SE  SE  SE  GR  FR  GR  GR  GR  FR  SE  SE  SE  SE  SE  SE  SE  SE  SE  SE  SE  SE  SE  SE  SE  SE  SE  RF  SE  SH  GR  GR  SH  SE  SE  SE  SE  SE  SE  SE  SE  SE  SE  SE  SE  SH  GR  GR  FR  GR  GR  SE  GR  GR  FR  GR  GR  RD  CT  GR  GR  FR  GR  FR  FR  GR  GR  GR  GR  GR  GR  GR  GR  FR  GR  GR  GR  GR  GR  MT  GR  GR  MT  GR  GR  GR  FR  RD  FR  CT  GR
  SE  SE  SE  GR  CT  FR  GR  FR  GR  GR  GR  GR  SH  SE  RF  SE  SE  SP  RD  RD  RD  RD  GR  SH  SE  SE  SE  RF  SE  SE  SE  SE  SE  SE  SE  RF  SE  SE  SE  SE  SE  SE  SH  GR  FR  GR  GR  SH  SE  SE  GR  SP  SH  SE  SE  SE  SH  SP  GR  MT  GR  GR  FR  GR  GR  FR  GR  CT  GR  GR  RD  GR  GR  FR  GR  GR  GR  GR  GR  FR  GR  GR  FR  GR  FR  GR  GR  GR  FR  GR  FR  GR  GR  GR  GR  GR  GR  GR  GR  GR  RD  GR  GR  FR
  SE  SE  SH  GR  GR  GR  GR  GR  FR  GR  FC  SE  SE  SE  SE  SE  SE  SE  GR  GR  GR  RD  GR  GR  SE  SE  SE  SE  SE  SE  SE  SE  SE  SE  SE  SE  SE  SE  SE  SE  SE  SE  SE  GR  GR  GR  GR  GR  GR  CT  GR  FR  GR  GR  SH  GR  CT  GR  FR  GR  GR  FR  CT  GR  FR  GR  RD  RD  RD  RD  RD  GR  GR  GR  GR  GR  GR  CT  GR  GR  GR  GR  GR  GR  GR  GR  GR  GR  GR  GR  GR  CT  GR  GR  GR  GR  FR  FR  GR  GR  RD  GR  GR  GR
  SE  SE  SE  GR  GR  GR  GR  GR  GR  GR  GR  SH  SE  SE  SE  SE  SE  SE  GR  GR  GR  RD  CT  MT  SH  SE  SE  SE  SE  SE  SE  SE  SE  SE  SE  SE  SE  SE  SE  SH  SH  SE  SP  GR  FR  GR  CT  FR  GR  GR  GR  GR  GR  GR  FR  GR  GR  GR  GR  GR  FR  GR  GR  GR  GR  GR  RD  GR  GR  GR  GR  GR  MT  GR  GR  GR  GR  FR  GR  GR  GR  GR  GR  GR  GR  GR  FR  GR  GR  GR  GR  FR  GR  GR  GR  GR  GR  GR  GR  RD  RD  GR  GR  FR
  SE  SE  SE  SP  MT  GR  GR  GR  FR  FC  HQ  SH  SE  SE  SE  SH  SH  GR  GR  FR  GR  RD  GR  GR  GR  SE  SE  SE  SE  SE  SE  SE  SE  SE  SE  SE  SH  GR  GR  FR  GR  GR  GR  FR  GR  GR  FR  GR  GR  GR  FR  FR  GR  GR  GR  GR  GR  FR  GR  GR  GR  GR  FR  GR  GR  RD  RD  GR  FR  GR  GR  GR  GR  GR  FR  GR  FR  GR  GR  GR  FR  GR  GR  FR  GR  GR  GR  GR  GR  GR  GR  GR  GR  FR  GR  GR  GR  GR  GR  RD  FR  GR  GR  GR
  SE  SE  SE  SE  SH  GR  GR  GR  GR  GR  GR  SH  SE  SE  SE  GR  GR  GR  GR  GR  GR  RD  GR  FR  CT  SE  SE  SE  SE  SE  SE  SE  SE  SE  GR  SH  GR  GR  CT  GR  MT  GR  GR  GR  GR  GR  GR  CT  GR  GR  GR  CT  GR  FR  GR  FR  GR  GR  CT  FR  GR  GR  GR  GR  GR  RD  GR  GR  GR  GR  GR  GR  GR  GR  FR  GR  GR  GR  GR  GR  GR  GR  GR  FC  GR  FR  GR  GR  GR  MT  GR  GR  GR  GR  GR  MT  FR  GR  GR  RD  GR  GR  GR  GR
  SE  SE  SE  SE  GR  GR  FR  GR  GR  GR  GR  SH  SE  SE  SE  SH  GR  GR  GR  FR  CT  RD  RD  RD  GR  GR  GR  SH  SE  SE  SE  SE  SE  SE  GR  GR  FR  GR  FR  GR  GR  GR  RD  RD  RD  RD  RD  RD  RD 1FC  GR  FR  GR  GR  CT  GR  GR  GR  GR  GR  GR  GR  GR  CT  GR  RD  GR  FR  GR  GR  GR  GR  GR  CT  GR  GR  GR  GR  GR  GR  GR  FR  GR  GR  GR  GR  GR  GR  GR  GR  GR  GR  GR  GR  GR  GR  GR  GR  GR  RD  GR  FR  GR  GR
  SE  SE  SE  SH  GR  GR  GR  GR  GR  FR  GR  SE  SE  SE  SE  SH  GR  MT  GR  GR  GR  GR  AP  RD  GR  FR  GR  SP  SE  RF  SE  SE  SE  SH  GR  GR  GR  GR  GR  GR  FR  GR  RD  GR  GR  CT  GR  GR  FR  GR  GR  AP 1HQ  FR  GR  FR  RD  RD  RD  RD  RD  RD  RD  RD  RD  RD  GR  GR  GR  GR  FC  GR  GR  GR  GR  GR  GR  GR  FR  GR  GR  GR  GR  GR  GR  GR  GR  GR  GR  GR  GR  GR  GR  GR  GR  GR  GR  GR  RD  RD  GR  GR  GR  FR
  SE  SE  SH  GR  GR  FR  GR  GR  GR  MT  FR  SE  SE  SE  SE  GR  CT  GR  GR  GR  GR  FR  GR  RD13FC  GR  CT  SH  SE  SE  SE  SE  SE  GR  GR  GR  FR  GR  FR  GR  GR  GR  RD  GR  FR  FR  GR  GR  CT  GR  GR  GR  FR  MT  GR  GR  RD  GR  FR  GR  GR  CT  GR  GR  FR  GR  GR  GR  HQ  GR  GR  GR  GR  GR  GR  GR  FR  GR  GR  GR  GR  GR  GR  GR  GR  GR  FR  CT  GR  GR  GR  FR  GR  GR  MT  GR  FR  GR  RD  GR  GR  FR  GR  CT
  SE  SE  SH  GR  GR  GR  CT  GR  SE  SE  SE  SE  SE  SH  GR  GR  GR  GR  FR  GR13FC  GR  GR  RD  GR  GR  SH  SE  SE  RF  SE  SE  SH  GR  HQ  GR  FR  GR  GR  GR  GR  MT  RD  GR  GR  GR  GR  GR  GR  GR  FR  MT  GR  GR 1FC  GR  RD  GR  GR  GR  GR  GR  GR  GR  GR  FR  GR  GR  GR  GR  GR  GR  GR  GR  GR  GR  GR  GR  GR  GR  GR  GR  GR  GR  FR  GR  GR  GR  GR  GR  GR  GR  GR  GR  GR  FR  GR  GR  RD  GR  GR  GR  GR  GR
  SE  SE  SE  SH  GR  GR  SH  SE  SE  SE  SE  SE  SE  SE  SH  SH  GR  GR  GR  GR  GR  FR  GR13HQ  CT  MT  SE  SE  SE  SE  SE  SH  GR  GR  GR  GR  GR  GR  FR  RD  RD  RD  RD  GR  FR  GR  GR  GR  GR  CT  GR  GR  CT  GR  RD  RD  RD  CT  GR  GR  GR  FR  GR  GR  GR  GR  FC  GR  GR  GR  GR  GR  FR  GR  GR  GR  GR  GR  GR  GR  GR  GR  GR  CT  GR  GR  GR  GR  GR  GR  GR  GR  GR  GR  GR  GR  GR  FR  RD  GR  GR  GR  GR  GR
  SE  SE  SE  SE  SE  SE  SE  SE  SE  RF  SE  SE  SE  SE  SE  SE  SE  SE  FR  CT  GR  GR  GR  GR  FR  CT  GR  SE  SE  SE  SE  SP  GR  FC  FR  GR  GR  GR  GR  RD  CT  GR  GR  GR  GR  GR  FR  GR  GR  GR  GR  GR  MT  GR  MT  MT  RD  GR  FR  GR  GR  GR  GR  GR  FR  GR  GR  GR  GR  GR  FR  GR  GR  GR  GR  GR  GR  GR  GR  FR  GR  GR  GR  GR  GR  GR  GR  GR  CT  GR  GR  GR  CT  RD  RD  RD  RD  RD  RD  GR  FR  FR  GR  GR
  SE  SE  SE  SE  SE  SE  SE  SE  SE  SE  SE  SE  SE  SE  SE  MT  GR  FR  GR  GR  GR  GR  CT  FR  GR  GR  SH  SE  SH  SH  GR  GR  FR  GR  GR  GR  FR  GR  GR  RD  GR  GR  GR  FR  GR  GR  GR  CT  GR  GR  MT  GR  GR  MT  CT  GR  RD  GR  GR  GR  GR  GR  GR  GR  GR  GR  GR  GR  GR  GR  GR  GR  GR  GR  GR  FR  CT  GR  GR  GR  GR  FR  GR  GR  GR  GR 6FC  GR  GR  GR  GR  GR  GR  RD  GR  GR  GR  GR  FC  GR  GR  GR  GR  GR
  SE  SE  SE  SE  SE  SE  RF  SE  SE  SE  SE  SE  SE  SE  GR  GR  GR  GR  CT  GR  FR  GR  SH  SH  SH  SH  SE  SH  GR  GR  FR  GR  GR  HQ  GR  FR  GR  GR  FR  RD  GR  GR  GR  GR  GR  FR  GR  GR  GR  GR  GR  GR  GR  GR  GR  GR  RD  GR  GR  GR  FR  GR  GR  GR  MT  GR  GR  GR  GR  GR  GR  FR  GR  GR  GR  GR  GR  GR  GR  GR  GR  CT  GR  GR  CT  GR  GR  GR  AP  RD  RD  RD  RD  RD  GR  GR  GR  GR  MT  GR  GR  FR  GR  GR
  SE  RF  SE  SE  SE  SE  SE  SE  SE  SE  SE  SE  SE  SH  GR  GR  SP  SE  SE  SE  SE  SE  SE  SE  SE  SE  SE  SH  GR  GR  GR  FR  GR  RD  RD  RD  RD  RD  RD  RD  GR  FR  GR  GR  GR  GR  GR  GR  FR  GR  GR  GR  GR  FR  GR  GR  RD  CT  GR  GR  GR  GR  GR  CT  FR  GR  GR  FR  GR  GR  GR  GR  GR  GR  GR  GR  GR  GR  FR  GR  GR  GR  GR  FR  GR  GR  GR  GR 6HQ  GR  GR  GR  MT  CT  GR  FR  GR  GR  GR  GR  FR  GR  FR  GR
  SE  SE  SE  SE  SE  SE  SE  SE  SE  SE  SE  SE  SH  GR  SH  SE  SE  SE  SE  SE  SE  SE  SE  SE  SE  SE  SE  GR  MT  FR  GR  GR  GR  RD  GR  GR  GR  GR  CT  GR  GR  GR  GR  FR  FC  GR  GR  GR  GR  GR  GR  GR  GR  GR  GR  GR  RD  GR  GR  MT  GR  GR  GR  GR  GR  GR  GR  GR  GR  GR  GR  GR  GR  FR  GR  GR  GR  GR  GR  GR  GR  GR  GR  GR  GR  GR  FR  GR  GR  GR  GR 6FC  FR  GR  GR  GR  GR  MT  GR  GR  GR  GR  GR  GR
  SE  SE  SE  SE  SE  SE  SE  SE  SE  SE  SE  SE  SE  SE  SE  SE  SE  SE  SE  SE  SE  SE  SE  SE  SE  SH  GR  GR  FR  GR  GR  CT  GR  RD  GR  FR  FR  GR  GR  GR  GR  GR  GR  GR  GR  GR  FR  GR  FR  GR  FR  CT  GR  GR  HQ  FC  RD  GR  GR  GR  GR  FR  GR  GR  GR  GR  GR  GR  GR  CT  GR  GR  GR  FR  GR  GR  FR  GR  GR  GR  CT  GR  FR  GR  GR  GR  GR  GR  GR  GR  GR  RD  GR  GR  MT  GR  GR  GR  GR  FR  GR  GR  GR  FR
  SE  SE  SE  SE  SE  SE  SE  SE  SE  SE  SE  RF  SE  SE  SE  SE  SE  SE  SE  SE  GR  SH  SE  SE  SH  GR  GR  GR  CT  GR  GR  GR  RD  RD  GR  GR  GR  GR  MT  GR  GR  GR  GR  GR  GR  GR  CT  GR  GR  GR  GR  GR  GR  GR  GR  GR  RD  RD  GR  CT  GR  GR  GR  GR  GR  GR  FR  GR  GR  GR  GR  GR  GR  GR  GR  GR  GR  FR  GR  GR  GR  GR  GR  GR  FR  GR  GR  FR  GR  GR  CT  RD  CT  GR  GR  GR  GR  GR  GR  GR  GR  GR  GR  CT
  SE  SE  SE  SE  SE  SE  SE  SE  SE  SE  SE  SE  SE  SE  SE  SE  SE  SE  SE  SE  SH  GR  CT  GR  GR  GR  FR  GR  GR  MT  GR  GR  RD  CT  GR  GR  CT  GR  GR  GR  FR  GR  GR  MT  GR  FR  GR  GR  GR  MT  GR  GR  GR  FR  GR  GR  GR  RD  RD  GR  GR  GR  GR  GR  GR  GR  GR  GR  GR  GR  MT  GR  FR  GR  GR  MT  FR  GR  GR  GR  FR  GR  GR  GR  GR  GR  GR  GR  GR  GR  GR  RD  GR  GR  CT  GR  GR  GR  GR  GR  GR  GR  GR  GR
  SE  SE  SE  SE  SE  SE  RF  SE  SE  SE  SE  SE  SE  SE  SE  SE  SE  SE  SE  SE  SE  GR  GR  GR  MT  GR  GR  CT  GR 4HQ  MT 4FC  RD  FR  GR  GR  FR  GR  GR  CT  GR  FR  GR  GR  GR  GR  GR  GR  GR  GR  MT  GR  GR  GR  FR  CT  GR  GR  RD  GR  GR  GR  GR  GR  GR  GR  GR  GR  GR  GR  GR  GR  GR  FR  GR  GR  GR  GR  GR  GR  CT  GR  GR  FR  MT  FR  GR  FR  GR  GR  GR  RD  GR  GR  GR  FR  GR  GR  GR  GR  FR  GR  FR  GR
  SE  SE  SE  SE  SE  SE  SE  SE  SE  SE  SE  SE  SE  SE  SE  SH  GR  GR  SH  SH  SH  GR  GR  FR  GR  MT  MT  GR  FR  RD  RD  RD  RD  GR  GR  GR  GR  GR  MT  GR  GR  GR  GR  FR  MT  GR  GR  GR  FR  GR  GR  GR  GR  GR  GR  GR  GR  GR  RD  GR  FR  GR  GR  FR  GR  FR  GR  GR  GR  GR  MT  FR  GR  GR  AP  GR  GR  FR  FR  GR  GR  GR  GR  GR  FR  GR  GR  GR  GR  GR  GR  RD  GR  GR  GR  GR  GR  GR  GR  FR  GR  GR  GR  GR
  SE  SE  SE  RF  SE  SE  SE  SE  SE  SE  SE  SE  SE  SE  SH  GR  FR  FC  MT  MT  GR  GR  GR  GR  GR  GR  GR  GR  GR  RD  AP  GR  GR  GR  CT  GR  FR  GR  GR  GR  GR  MT  GR  GR  MT  MT  FR  GR  GR  GR  MT  GR  FR  GR  GR  FR  GR  GR  HQ  GR  GR  GR  GR  GR  GR  GR  GR  GR  GR  GR  GR  FR  GR  GR  GR  GR  GR  GR  GR  GR  FR  MT  GR  GR  GR  GR  GR  GR  GR  GR  RD  RD  GR  GR  GR  GR  GR  GR  GR  GR  GR  GR  GR  GR
  SE  SE  SE  SE  SE  SE  SE  SE  SE  SE  SE  SE  SE  SE  SE  SP  GR  GR  GR  GR  MT  GR  GR  GR  GR  CT  GR  GR 4FC  RD  GR  CT  GR  GR  GR  GR  CT  GR  GR  FR  GR  GR  GR  FC  GR  GR  GR  GR  FR  GR  CT  AP  GR  GR  FR  GR  GR  CT  GR  GR  GR  GR  GR  GR  GR  GR  GR  GR  GR  GR  GR  GR  GR  CT  GR  GR  GR  GR  GR  GR  GR  FR  FR  GR  GR  GR  GR  FR  GR  GR  RD  GR  GR  GR  GR  GR  FR  FR  GR  GR  GR  GR  FR  GR
  SE  SE  SE  SE  SE  SE  SE  SE  SE  SE  SE  SE  SE  SE  SE  SE  SH  GR  GR  GR  GR  CT  GR  GR  GR  FR  RD  RD  RD  RD  GR  GR  GR  MT  GR  GR  GR  GR  FR  GR  MT  GR  GR  GR  GR  FR  GR  GR  GR  GR  GR  GR  MT  GR  GR  GR  FR  GR  GR  GR  GR  GR  MT  GR  GR  FC  GR  GR  FR  MT  FR  GR  GR  GR  GR  MT  FR  GR  GR  GR  GR  GR  GR  GR  GR  GR  GR  GR  MT  FR  RD  GR  CT  GR  FR  GR  GR  GR  GR  GR  GR  GR  GR  GR
  SE  SE  SE  SE  SE  SE  SE  SE  SE  SE  RF  SE  SE  SE  SE  SE  SE  SE  SE  GR  GR  FR  GR  FR  CT  GR  RD  CT  GR  GR  GR  GR  GR  GR  GR  FR  GR  GR  GR  MT  GR  GR  HQ  GR  GR  GR  MT  GR  GR  FR  GR  FR  GR  GR  FR  GR  MT  FR  GR  GR  GR  GR  GR  GR  HQ  GR  FR  GR  MT  FR  GR  GR  GR  GR  GR  GR  GR  GR  MT  GR  GR  GR  FR  GR  GR  GR  FR  GR  GR  RD  RD  GR  GR  GR  GR  GR  GR  FR  GR  GR  AP  CT  FR  GR
  SE  SE  SE  SE  SE  SE  SE  SE  SE  SE  SE  SE  SE  SE  SE  SE  SE  SE  SE  SH  GR  GR  GR  GR  GR  GR  RD  GR  GR  FR  MT  GR  CT  FR  GR  GR  GR  FR  GR  GR  GR  FC  RD  GR  GR  FR  GR  CT  GR  GR  GR  GR  GR  MT  MT  MT  FR  GR  GR  FR  GR  GR  GR  GR  RD  GR  GR  GR  GR  GR  GR  GR  FR  GR  GR  GR  GR  GR  GR  GR  GR  GR  GR  GR  GR  GR  MT  GR  FR  RD  GR  GR  GR  GR  GR  GR  GR  GR  FR  GR  GR  GR  GR  SH
  SE  SE  SE  SE  RF  SE  SE  SE  SE  SE  SE  SE  SE  SE  SE  SE  SE  SE  SE  SE  GR  MT  GR  GR  RD  RD  RD  GR  GR  GR  FR  GR  GR  GR  GR  GR  GR  CT  GR  GR  GR  GR  RD  FR  MT  MT  MT  GR  FR  MT  GR  FR  MT  MT  MT  MT  FR  GR  GR  GR  GR  FR  GR  GR  RD  GR  GR  GR  GR  GR  GR  GR  GR  GR  GR  GR  GR  FR  GR  GR  GR  GR  FR  FC  GR  GR  GR  GR  GR  SP  GR  GR  GR  FR  GR  FR  GR  GR  GR  GR  GR  SH  SE  SE
  SE  SE  SE  SE  SE  SE  SE  SE  SE  SE  SE  SE  SE  SE  SE  SE  SE  SE  SE  SE  GR  GR  MT  GR  RD  FR  GR  GR  GR  GR  GR  MT  GR  GR  MT  FR  GR  GR  FR  MT  MT  GR  RD  MT  MT  MT  FR  GR  FR  MT  MT  GR  MT  MT  MT  FR  GR  GR  GR  FR  GR  GR  FR  CT  RD  GR  FR  GR  FR  GR  FR  GR  GR  FR  GR  MT  GR  GR  GR  GR  FR  GR  GR  GR  GR  FR  GR  GR  GR  SE  SE  SH  GR  GR  GR  GR  GR  GR  SH  SE  SE  SE  SE  SE
  SE  SE  SE  SE  SE  SE  SE  SE  SE  SE  SE  SE  SE  SE  SE  SE  RF  SE  SE  SE  SE  SH  GR  GR  RD  GR  CT  GR  GR  FR  GR  GR  CT  MT  MT  FR  GR  FR  MT  MT  MT  FR  RD  MT  MT  MT  MT  GR  GR  MT  MT  GR  MT  MT  FR  GR  CT  FR  GR  GR  FR  GR  GR  GR  RD  GR  GR  GR  GR  GR  GR  GR  GR  GR  GR  GR  GR  GR  GR  GR  GR  MT  GR  FR  GR  GR  GR  GR  SH  SE  SE  SE  SH  SH  SH  GR  GR  SH  SE  SE  SE  SE  SE  SE
  SE  SE  SE  SE  SE  SE  SE  SE  SE  SE  RF  SE  SE  SE  SE  SE  SE  SE  SE  SE  SE  SH  GR  GR  RD  GR  GR  GR  GR  GR  GR  GR  GR  MT  MT  FR  GR  GR  MT  MT  MT  FR  RD  MT  MT  MT  MT  GR  GR  GR  GR  GR  GR  GR  GR  GR  FR  GR  GR  FR  GR  GR  FR  GR  RD  CT  FR  GR  FR  GR  GR  CT  GR  GR  GR  GR  MT  GR  GR  FR  GR  GR  GR  GR  GR  GR  GR  SH  SE  SE  RF  SE  SE  SE  SH  GR  GR  SH  SE  SE  SE  SE  SE  SH
  SE  SE  SE  SE  SE  SE  SE  SE  SE  SE  SE  SE  SE  SE  SE  SE  SE  SE  SE  SE  SE  SE  GR  GR  RD  FR  GR  GR  GR  GR  FR  GR  GR  GR  MT  FR  GR  MT  MT  MT  CT  GR  RD  RD  RD  RD  RD  GR  GR  CT  SH  SH  SH  GR  GR  GR  GR  GR  GR  GR  GR  FR  CT  GR  RD  GR  GR  GR  GR  GR  FR  GR  FR  GR  GR  GR  FR  GR  GR  GR  GR  GR  GR  GR  GR  GR  GR  SE  SE  SE  SE  SE  SE  GR  GR  FR  FR  GR  SE  SE  SH  SE  SE  CT
  SE  RF  SE  SE  SE  SE  SE  SE  SE  SE  SE  SE  SE  SE  SE  SE  SE  SE  SE  SE  SE  SH  FR  GR  RD  GR  GR  FR  GR  CT  GR  GR  GR  CT  FR  GR  GR  GR  GR  GR  GR  GR  GR  GR  FR  GR  RD  FR  FR  GR  SE  SE  SH  GR  CT  GR  GR  GR  GR  FR  GR  GR  GR  GR 2FC  FR  GR  GR  AP  GR  CT  GR  GR  GR  GR  GR  GR  GR  MT  GR  GR  FR  GR  FR  CT  GR  GR  SE  SE  SE  SE  SE  SE  SE  GR  FR  FC  GR  GR  FR  GR  SE  GR  FR
  SE  SE  SE  SE  SE  SE  SE  SE  SE  SE  SE  SE  SE  SE  SE  SE  SE  SE  SE  SE  SE  SH  FC  GR  RD  GR  GR  GR  GR  GR  GR  FR  GR  GR  FR  GR  FR  MT  MT  MT  FR  GR  GR  FR  CT  GR  RD  RD  GR  GR  SE  RF  SE  GR  GR  GR  GR  GR  GR  GR  GR  GR  GR  GR  GR  GR  GR 2HQ  GR  GR  GR  GR  FR  CT  GR  FR  GR  GR  GR  GR  GR  GR  GR  GR  GR  GR  SH  SE  SE  SE  SE  SE  SE  SE  SH  GR  FR  GR  SH  SE  SE  SE  SE  FR
  SE  SE  SE  SE  SE  SE  SE  SE  SE  SE  SE  SE  SE  SE  SE  SE  SE  SE  RF  SE  SE  SH  GR  FR  RD  CT  GR  GR  GR  FR  GR  FR  FR  GR  GR  GR  FR  MT  MT  MT  FR  FR  GR  GR  GR  GR  FR  RD  CT  GR  SE  SE  SE  SE  SH  GR  FR  GR  GR  GR  MT  CT  GR  FR  GR  FR  GR  GR  GR 2FC  GR  GR  GR  GR  GR  GR  GR  GR  GR  HQ  GR  GR  GR  GR  GR  SE  SE  SE  SE  SE  SE  SE  SE  SE  SE  SP  SH  SE  SE  SE  SE  SE  SE  SE
  SE  SE  SE  SE  SE  SE  SE  SE  SE  SE  SE  SE  SE  SE  SE  SE  SE  SE  SE  SE  SE  SH  GR  GR  RD  GR  FR  GR  GR  GR  FR  GR  GR  GR  GR  GR  FC  FR  MT  MT  GR  GR  SE  SE  SH  GR  GR  RD  GR  GR  SH  SE  SE  SE  SE  SH  GR  GR  GR  MT  GR  GR  GR  GR  CT  GR  GR  GR  GR  RD  GR  CT  GR  GR  GR  GR  GR  GR  GR  GR  FC  GR  FR  GR  SH  SE  SE  SE  SE  SE  SE  SE  RF  SE  SE  SE  SE  SE  SE  SE  SE  SE  SE  SE
  SE  SE  SE  SE  SE  SE  SE  SE  SE  SE  SE  SE  SE  SE  SE  SE  SE  SE  SE  SE  SE  GR  GR  GR  RD  GR  GR  GR  GR  FR  GR  GR  GR  GR  GR  GR  GR  GR  GR  GR  SH  SE  SE  SE  SE  SH  CT  GR  GR  GR  FR  GR  SE  SE  SE  SE  SH  GR  GR  GR  FR  GR  GR  GR  GR  GR  GR  FR  GR  RD  MT  MT  GR  GR  FR  GR  GR  GR  MT  MT  GR  GR  GR  GR  SH  SE  RF  SE  SE  SE  SE  SE  SE  SE  SE  SE  SE  SE  RF  SE  SE  SE  SE  SE
  SE  RF  SE  SE  SE  SE  SE  GR  GR  GR  FR  GR  SP  SH  SH  SH  SH  SH  SH  SE  SH  GR  GR  GR  RD  GR  GR  GR  GR  CT  GR  GR  SH  SH  GR  GR  GR  GR  SP  SE  SE  SE  SE  SE  SE  SE  GR  GR  GR  CT  GR  GR  SP  SE  SE  SE  SE  SE  GR  GR  GR  GR  GR  GR  GR  GR  GR  CT  GR  RD  MT  GR  GR  GR  GR  CT  GR  GR  MT  GR  GR  FR  GR  SP  SH  SE  SE  SE  SE  SE  SE  SE  SE  SE  SE  SE  SE  SE  SE  SE  SE  SE  SE  SE
  SE  SE  SE  SE  SE  CT  GR  MT  GR  GR  GR  GR  GR  GR  MT  GR  CT  GR  RD  RD  RD  RD  RD  RD  RD  GR  GR  GR  FR  GR  GR  SE  SE  SE  SE  SH  SH  SH  SE  SE  SE  SE  SE  SE  SE  SE  SH  GR  GR  GR  MT  GR  GR  SH  SE  SE  SE  SE  SE  SH  SP  GR  GR  GR  MT  GR  GR  MT  GR  RD  GR  GR  GR  GR  GR  GR  GR  FR  GR  MT  GR  GR  GR  SE  SE  SE  SE  SE  SE  SE  SE  SE  SE  SE  SE  SE  SE  SE  SE  SE  SE  SE  SE  SE
  SE  SE  SE  SE  SE  GR  GR  GR  MT  GR  GR  GR  MT  GR  GR  GR  GR  GR  RD  MT  MT  MT  GR  GR  FR  GR  CT  GR  GR  GR  SH  SE  SE  SE  SE  SE  SE  SE  SE  SE  SE  SE  SE  SH  SE  SE  SE  GR  FR  GR 3FC  GR  GR  CT  SE  SE  RF  SE  SE  SE  SE  SH  GR  GR  GR  GR  GR  GR  GR  RD  GR  GR  GR  HQ  GR  GR  GR  GR  GR  GR  GR  GR  GR  SE  SE  SE  RF  SE  SE  SE  SE  SE  SE  SE  SE  SE  SE  SE  SE  SE  SE  SE  SE  SE
  SE  SE  SE  SE  SE  SH  GR  FR  GR  GR  GR  CT  GR  GR  GR  GR  GR  GR  RD  CT  MT  MT  MT  MT  FR  GR  GR  GR  FR  GR  GR  SE  SE  SE  SE  SE  SE  SE  SE  SE  SE  SE  MT  CT  SH  SE  SE  SH  SP  GR  GR  GR  FR  GR  SH  SE  SE  SE  SE  SE  SE  SE  SE  GR  GR  GR  GR  GR  GR  RD  GR  GR  GR  GR  FC  GR  GR  GR  GR  GR  GR  GR  GR  SE  SE  SE  SE  SE  SE  SE  SE  RF  SE  SE  SE  SE  SE  SE  SE  SE  RF  SE  SE  SE
  SE  SE  SE  SE  SE  SH  GR  GR  GR  GR  GR  GR  GR  GR  GR  GR  CT  GR  RD  GR  FR  MT  MT  MT  MT  MT  FR  GR  GR  GR  GR  SE  SE  SE  SE  SE  SE  RF  SE  SE  SE  SE  CT  FR  SE  SE  SE  SE  SE  GR  GR  AP  GR  MT  GR  SH  SE  SE  SE  SE  SE  RF  SE  SE  SH  GR  CT  GR  MT  RD  GR  GR  GR  MT  GR  GR  GR  GR  GR  CT  FR  FR  GR  SE  SE  SE  SE  SE  RF  SE  SE  SE  SE  SE  SE  SE  SE  SE  SE  SE  SE  SE  RF  SE
  SE  SE  SE  SE  SE  SH  GR  GR  GR  GR  GR  GR  GR  FR  GR  GR  GR  GR  RD  GR  GR  FR  GR  MT  MT  MT  MT  MT  GR  CT  SE  SE  SE  SE  SE  SE  SE  SE  SE  SE  SE  SE  SH  GR  SE  RF  SE  SE  SE  SE 3HQ  GR 3FC  GR  GR  CT  GR  GR  SE  SE  SE  SE  SE  SE  SE  GR  GR  GR  GR  RD  FR  GR  GR  GR  GR  GR  GR  GR  GR  GR  GR  GR  GR  SH  SE  SE  SE  SE  SE  SE  SE  SE  GR  GR  GR  GR  MT  GR  SH  SE  SE  SE  SE  SE
  SE  SE  SE  SE  SE  SH  GR  GR  GR  GR  GR  GR  GR  GR  GR  CT  GR  GR  RD12FC  GR  GR  GR  GR  FR  MT  GR  GR  GR  SE  SE  SE  SE  SE  SE  SE  SE  SE  SE  SE  SE  SE  SE  SE  SE  SE  SE  SE  SE  SE  SE  SH  GR  GR  GR  MT  MT  GR  SH  SE  SE  SE  SE  SE  SE  GR  GR  GR  GR  RD  GR  GR  FR  GR  GR  GR  GR  FR  GR  GR  GR  GR  GR  GR  SH  SE  SE  SE  SE  SE  SH  SP  GR  GR  FR  GR  GR  GR  GR  SP  SH  SH  SE  SE
  SE  SE  RF  SE  SE  SE  CT  GR  GR  GR  CT  GR  GR12FC  GR  GR  AP  GR  RD  GR  GR  CT  GR  GR  GR  GR  SH  SE  SE  SE  SE  SE  RF  SE  SE  SE  SE  SE  SE  SE  SE  SE  SE  MT  SH  SE  SE  SE  RF  SE  SE  SE  SE  CT  FR  CT  GR  GR  GR  GR  SH  SE  SE  SE  SE  GR  GR  FR  GR  RD  MT  GR  GR  GR  GR  SP  FR  GR  GR  GR  GR  FR  SH  SH  SH  SH  GR  CT  GR  GR  GR  GR  GR  GR  GR  GR  GR  CT  GR  GR  GR  GR  FR  GR
  SE  SE  SE  SE  SE  SH  GR  GR  GR  FR  GR  GR  GR  GR  GR  GR  GR  GR12HQ  GR  GR  GR  GR  GR  GR  GR  SE  SE  SE  SE  SE  SE  SE  SE  SE  SE  SE  SE  SE  SE  SE  SH  GR  GR  CT  SE  SE  SE  SE  SE  SE  SE  SE  SH  GR  GR  GR  CT  FR  GR  GR  GR  SE  SE  SE  GR  GR  GR  GR  RD  CT  GR  GR  GR  SH  SE  SE  SE  SE  SH  SH  SH  SE  SE  SE  SH  GR  GR  GR  GR  GR  GR  CT  GR  GR  GR  GR  GR  GR  GR  GR  GR  GR  GR
  SE  SE  SE  SE  SE  SH  GR  GR  GR  GR  GR  MT  GR  CT  GR  MT  GR  GR  GR  CT  FR  CT  GR  GR  SP  SE  SE  SE  SE  SE  SE  SE  SE  SE  SE  SE  SE  SE  SE  SE  SE  SE  FR  FC  GR  SE  SE  SE  SE  SE  SE  SE  SE  SE  SE  SH  GR  MT  GR  GR  SH  SH  GR  SE  SE  GR  CT  GR  FR  RD  FR  GR  SH  GR  SH  SE  SE  SE  SE  SE  GR  GR  GR  GR  GR  GR  FR  GR  MT  MT  GR  GR  GR  GR  GR  CT  GR  MT  GR  MT  GR  GR  GR  GR
  SE  SE  SE  SE  SE  FR  GR  GR  GR  GR  MT  GR  GR  GR  GR  GR  GR  GR  GR  GR  GR  GR  GR  GR  SH  SE  SE  SE  SE  SE  SH  SE  SE  SE  SE  SE  SE  SE  SE  SE  SE  SE  MT  GR  SH  SE  SE  SE  SE  SE  SE  SE  SE  SE  SE  SE  SH  GR  GR  SE  SE  SE  GR  SE  SE  SE  GR  GR  GR  RD  RD  GR  SE  SE  SE  SE  RF  SE  SE  GR  FR  GR  MT  GR  GR  GR  GR  GR  CT  GR  GR 0FC  GR 0HQ  GR  GR  GR  GR  GR  GR  GR  GR  GR  GR
  SE  SE  SE  SE  SE  GR  GR  GR  GR  GR  GR  GR  GR  GR  GR  GR  MT  GR  GR  GR  GR  GR  GR  SH  SE  SE  SE  SE  SE  SH  CT  SH  SE  SE  SE  SE  SE  SE  SE  SE  SE  SE  CT  GR  SH  SE  SE  SE  SE  SE  SE  SE  SE  SE  SE  SE  SE  SH  GR  SH  SE  SE  SE  SE  SE  SE  SH  GR  CT  GR  RD  CT  SH  SE  SE  SE  SE  SE  SE  GR  GR  CT  GR  GR  GR  GR  GR  GR  GR  GR  GR  GR  AP  GR  GR  GR  GR  CT  GR  MT  GR  GR  GR  GR
  SE  SE  SE  SE  GR  FC  GR  GR  GR  GR  GR  GR  GR  FR  GR  GR  GR  GR  GR  GR  GR  GR  GR  GR  SE  SE  RF  SE  SE  SE  SH  SE  SE  SE  SE  SE  SE  SE  SE  SE  RF  SE  GR  SH  SE  SE  SE  SE  SE  SE  SE  SE  SE  SE  SE  RF  SE  SE  GR  SP  SE  SE  SE  SE  SE  SE  SE  GR  GR  FR  RD  GR  SH  SH  SE  SE  SE  SE  SE  GR  SH  GR  GR  GR  GR  GR  GR  CT  GR  GR  CT  GR  GR  GR  GR 0FC  RD  RD  RD  RD  MT  GR  GR  GR
  SE  SE  SE  SE  HQ  GR  GR  GR  GR  GR  GR  GR  GR  GR  GR  GR  GR  GR  GR  GR  CT  GR  GR  GR  SH  SE  SE  SE  SE  SE  SE  SE  SE  SE  SE  SE  SE  SE  SE  SE  SE  SE  SH  SE  SE  SE  SE  SE  SE  SE  SE  SE  SE  SE  SE  SE  SE  SE  GR  SH  SE  SE  SE  SE  SE  SE  SE  SH  MT  CT  RD  GR  MT  CT  SH  SE  SE  SE  SE  SE  SE  GR  GR  GR  GR  GR  GR  GR  GR  GR  GR  GR  GR  CT  GR  GR  GR  FR  MT  RD  GR  GR  GR  GR
  SE  SE  SE  SE  SE  GR  FC  GR  GR  GR  GR  CT  GR  GR  GR  GR  GR  GR  GR  GR  GR  GR  GR  SH  SE  SE  SE  SE  SE  SE  SE  SE  SE  SE  SE  SE  SE  SE  SE  SE  SE  SE  SE  SE  SE  SE  SE  SE  SE  SE  SE  SE  SE  SE  SE  SE  SE  SH  GR  SE  SE  SE  SE  SE  SE  RF  SE  SH  SP  GR  RD 9FC  AP  GR  SP  SE  SE  SE  SE  SE  SH  GR  GR  GR  GR  GR  MT  GR  GR  FR  MT  GR  MT  MT  MT  MT  MT  MT  MT  RD  GR  GR  CT  GR
  SE  RF  SE  SE  SE  SP  GR  GR  GR  GR  GR  GR  GR  GR  GR  GR  GR  FR  GR  GR  GR  FR  CT  SE  SE  SE  SE  SE  SE  SE  SE  SE  SE  SE  RF  SE  SE  SE  SE  SE  SE  SE  SE  SE  SE  SE  SE  SE  SE  SE  SE  SH  SH  SH  SH  GR  SH  GR  SH  SE  SE  SE  SE  SE  SE  SE  SE  SE  SE  GR  FR  SH  SH  CT 9HQ  SE  SE  RF  SE  SE  SH  FR  GR  GR  MT  FR  GR  GR  MT  MT  MT  GR  MT  MT  MT  FR  CT  GR  GR  RD  MT  GR  GR  GR
  SE  SE  SE  SE  SE  SH  GR  FR  GR  MT  GR  GR  GR  GR  GR  GR  MT  FR  GR  GR  GR  GR  SH  SE  SE  SE  RF  SE  SE  SE  RF  SE  SE  SE  SE  SE  SE  SE  SE  SE  SE  SE  SE  SE  SE  SE  SE  SE  SE  SE  SH  GR  CT  GR  FR  GR  SH  SE  SE  SE  SE  SE  SE  SE  SE  SE  SE  SE  SE  CT  GR  FR  CT  SE  SH  SE  SE  SE  SE  SE  SE  GR  GR  GR  GR  GR  GR  MT  MT  GR  GR  GR  GR  GR  GR  GR  GR  GR  GR  RD  GR  GR  GR  GR
  SE  SE  SE  SE  SE  SH  GR  GR  GR  GR  GR  GR  GR  GR  GR  GR  FC  MT  GR  GR  SH  SE  SE  SE  SE  SE  SE  SE  SE  SE  SE  SE  SE  SE  SE  SE  SE  SE  SE  SE  SE  SE  SE  SE  SH  SE  SE  SE  SE  SE  SE  SE  SH  GR  FC  GR  SE  SE  SE  SE  SE  SE  SE  SE  SE  SE  RF  SE  SE  SH 9FC  MT  SH  SE  SE  SE  SE  SE  SE  SE  SE  SE  GR  GR  FC  GR  GR  GR  GR  GR  GR  GR  GR  GR  GR  GR  GR  GR  GR  RD  GR  MT  GR  GR
  SE  SE  SE  SE  SE  SE  SE  SH  SE  SE  GR  GR  FR  GR  GR  GR  GR  GR  GR  CT  SE  SE  SE  SE  SE  SE  SE  SE  SE  SE  SE  SE  SH  SH  SH  SE  SH  GR  SH  GR  SH  SH  GR  FR  GR  HQ  SH  SE  SE  SE  SE  SE  SE  SE  GR  CT  SH  SE  SE  SE  SE  SE  SE  SE  SE  SE  SE  SE  SE  SH  GR  CT  SH  SE  SE  SE  SE  SE  SE  SE  SE  SE  SH  GR  GR  FR  GR  GR  GR  SP  GR  GR  GR  GR  GR  GR  GR  GR  GR  RD  RD  RD  GR  GR
  SE  SE  RF  SE  SE  SE  SE  SE  SE  SE  SE  GR  GR  CT  GR  SE  SE  SE  SE  SE  SE  RF  SE  SE  SE  SE  SH  SH  SH  SH 7HQ  SP  GR  GR  GR  GR  GR  CT  GR  GR  GR  GR  GR  GR  FC  GR  GR  SE  SE  RF  SE  SE  SE  SE  SE  SE  SE  SE  SE  SE  SE  SE  SE  SE  SE  SE  SE  SE  SE  SE  SE  SH  SE  SE  SE  SE  SE  SE  SE  SE  SE  SE  SE  SE  SE  GR  GR  GR  SH  SE  SH  SH  GR  GR  GR  GR  SH  SE  SH  SE  GR  RD  GR  GR
  SE  SE  SE  SE  SE  SE  SE  SE  SE  SE  SE  SE  GR  SE  SE  SE  RF  SE  SE  SE  SE  SE  SE  SE  SH  CT  GR 7FC  GR  CT  RD  RD  RD  RD  RD  RD  RD  RD  RD  RD  RD  RD  RD  RD  GR  GR  SH  SE  SE  SE  SE  SE  SE  SE  SE  SE  SE  SE  SE  SE  SE  SE  SE  SE  SE  SE  SE  SE  SE  SE  SE  SE  SE  SE  SE  SE  SE  SE  SE  SE  SE  SE  SH  SH  SE  SE  SH  SH  SE  SE  SE  SE  SH  GR  CT  SH  SE  SE  SE  SH  GR  RD  GR  FR
  SE  SE  SE  SE  SE  SE  RF  SE  SE  SE  SE  SE  SH  SE  SE  SE  SE  SE  SE  SE  SE  SE  SH  SH  RD  RD  RD  RD  RD  RD  RD  GR  GR  GR  GR  CT  GR  GR  GR  GR  GR  GR  FR  RD  GR  GR  SP  SE  SE  SE  SE  SE  SE  SE  SE  SE  SE  SE  SE  RF  SE  SE  SE  SE  SE  SE  SE  SE  SE  SE  SE  SE  SE  SE  SE  SE  SE  SE  SE  SE  SE  SE  SE  SE  SE  SE  SE  SE  SE  SE  SE  SE  SE  SE  SE  SE  SE  RF  SE  SH  GR  RD  GR  GR
  SE  SE  SE  SE  SE  SE  SE  SE  SE  SE  SE  SH  GR  GR  SE  SE  SE  SH  SE  SE  SE  GR  GR  CT  RD  GR  GR  GR  FR  GR  GR  GR  GR 7FC  FR  GR  MT  MT  MT  GR  GR  GR  GR  RD  GR  GR  FR  SH  SE  SE  RF  SE  SE  SE  SE  SE  SE  SE  SE  SE  SE  SE  SE  SE  SE  SE  SE  SE  SE  SE  SE  SE  SE  SH  CT  SH  SH  SH  SE  SE  SE  SE  SE  SE  SE  SE  SE  SE  SE  SE  SE  SE  SE  SE  SE  SH  SE  SE  SE  GR  GR  RD  GR  GR
  SE  SE  RF  SE  SE  SE  SE  SE  SE  SE  SE  GR  GR  GR  GR  GR  GR  GR  GR  GR  RD  RD  RD  RD  RD  GR  MT  MT  MT  AP  GR  CT  GR  GR  MT  MT  MT  MT  GR  GR  GR  GR  GR  RD  GR  GR  GR  SH  SE  SE  SE  SE  SE  SE  SE  SE  SE  SE  SE  SE  SE  SE  SE  SE  SE  SE  SE  SE  SE  SE  SE  SE  SE  SE  SH  FR  CT  GR  SH  SE  SE  SE  SE  SE  SE  SE  SE  SE  RF  SE  SE  SE  SH  MT  CT  GR  SE  SE  SE  SE  GR  RD  GR  GR
  SE  SE  SE  SE  SE  SE  RF  SE  SE  SE  SH  GR  FR  RD  RD  RD  RD  RD  RD  RD  RD  GR  GR  GR  GR  GR  GR  MT  CT  GR  GR  GR  GR  GR  CT  GR  GR  GR  GR  GR  GR  GR  GR  RD  GR  GR  GR  SE  SE  SE  SE  SE  SE  SE  SE  SE  SE  SE  SE  SE  SE  SE  SE  SE  SE  SE  SE  SE  SE  SE  SE  SE  SE  SE  SE  SE  SE  SE  SE  SE  SE  SE  SE  SE  SE  SE  SE  SE  SE  SE  SE  SE  SH  GR  SH  SE  SE  SE  SE  SE  GR  RD  FR  MT
  SE  SE  SE  SE  SE  SE  SE  SE  SE  SE  GR  RD  RD  RD  GR  GR  MT  MT  GR  GR  MT  GR  GR  GR  GR  GR  GR  GR  GR  GR  MT  GR  GR  GR  GR  GR  CT  GR  GR  GR  GR  GR  GR  RD  GR  SH  SE  SE  SE  SE  SE  SE  SE  SE  SE  SE  SE  SE  SE  SE  SE  SE  SE  SE  SE  SE  SE  SE  SE  SE  SE  SE  SE  SE  SE  SE  SE  SE  SE  SE  SE  SE  RF  SE  SE  SE  SE  SE  SE  SE  SE  SE  SE  SE  SE  SE  SE  SE  SE  SP  GR  FC  GR  GR
  SE  SE  SE  SE  SE  SE  SE  SE  SE  HQ  RD  RD  GR  GR  MT  MT  MT  MT  MT  GR  GR  GR  GR  GR  GR  GR  GR  GR  GR  GR  GR  GR  CT  GR  GR  GR  GR  GR  GR  GR  GR  GR  GR  RD  GR  SH  SE  SE  SE  SE  SE  SE  SE  SE  SE  SE  SE  SE  SE  SE  SE  SE  SE  SE  SE  SE  SE  SE  SE  SE  SE  SE  SE  SE  SE  SE  SE  SE  SE  SE  SE  SE  SE  SE  SE  SE  SE  SE  SE  SE  SE  SE  SE  SE  SE  SE  SE  SE  SH  GR  GR  GR  GR  GR
  SE  RF  SE  SE  SE  SE  SE  SP  GR  GR  GR  GR  FR  MT  MT  MT  MT  MT  GR  GR  GR  MT  GR  GR  GR  GR  GR  GR  GR  GR  GR  GR  GR  GR  GR  GR  GR  GR  GR  GR  GR  GR  GR  RD  GR  GR  GR  SH  SE  SE  SE  SE  SE  SE  SE  SE  SE  SE  SE  SE  SE  SE  SE  SE  SE  SE  SE  RF  SE  SE  SE  RF  SE  SE  SE  SE  SE  SE  RF  SE  SE  SE  SE  SE  SE  SE  SE  SE  SE  RF  SE  SE  SE  SE  SE  SE  SE  SE  SH  GR  HQ  GR  GR  GR
  SE  SE  SE  SE  SE  SH  GR  FC  GR  GR  GR  MT  MT  MT  MT  MT  GR  GR  GR  GR  GR  GR  GR  GR  GR  GR  GR  GR  GR  GR  GR  GR  GR  GR  GR  GR  GR  GR  GR  GR  GR  CT  GR  RD  FR  MT  GR  GR  GR  SH  SE  SE  SE  SE  SE  SE  SE  RF  SE  SE  SE  SE  SE  SE  SE  SE  SE  SE  SE  SE  SE  SE  SE  SE  SE  SE  SE  SE  SE  SE  SE  SE  SE  SE  SE  SE  SE  SE  SE  SE  SE  SE  SE  SE  SE  SE  SE  SE  GR  GR  GR  GR  GR  GR
  SE  SE  SE  SE  SE  GR  GR  GR  GR  GR  GR  MT  MT  MT  GR  GR  GR  GR  GR  CT  GR  GR  GR  GR  GR  GR  GR  GR  GR  GR  GR  GR  GR  GR  GR  GR  GR  GR  GR  GR  GR  GR  GR  RD  RD  RD  RD  RD  RD  RD  RD  HQ  GR  GR  SH  SE  SE  SE  SE  SE  SE  SE  SE  SE  SE  SE  SE  SH  SP  MT  GR  FR  SH  SE  SE  SE  SE  SE  SE  SE  SE  SE  SE  SE  RF  SE  SE  SE  SE  SE  SE  SE  SE  SE  SE  SE  SE  SH  GR  FC  GR  GR  GR  CT
  SE  SE  SE  SE  SH  FR  GR  GR  GR  GR  GR  FR  MT  GR  GR  GR  GR  GR  GR  GR  GR  GR  GR  GR  GR  GR  GR  GR  GR  GR  GR  GR  GR  GR  GR  GR  GR  GR  GR  GR  GR  GR  GR  GR  GR  GR  GR  GR  GR  CT  GR  GR  GR  FC  GR  SP  SH  SE  SE  RF  SE  SE  SE  SE  SE  SE  SH  GR  GR  GR  GR  GR  GR  SH  SH  SE  SE  SE  SE  SE  SE  SE  SE  SE  SE  SE  SE  SE  SE  SE  SE  SE  SE  SE  RF  SE  SE  SH  FR  RD  GR  GR  GR  GR
  SE  SE  SE  SE  GR  GR  GR  GR  GR  GR  MT  GR  GR  GR  GR  GR  GR  GR  GR  GR  GR  GR  GR  GR  GR  GR  GR  GR  GR  GR  GR  GR  GR  GR  GR  GR  GR  GR  GR  GR  GR  GR  GR  GR  GR  GR  GR  GR  GR  GR  GR  GR  GR  GR  GR  GR  SH  SE  SE  SE  SE  SE  SE  SE  SE  SE  GR  GR  FC  RD  RD  RD  GR  GR  MT  GR  GR  SE  SE  SE  SE  SE  SE  SE  SE  SE  SE  SE  SE  SE  SE  SE  SE  SE  SE  SE  SE  GR  MT  RD  GR  GR  FR  GR
  SE  RF  SE  SH  GR  AP  GR  GR  GR  GR  GR  GR  GR  GR  GR  GR  GR  GR  GR  GR  GR  GR  GR  GR  GR  GR  GR  GR  GR  GR  GR  GR  GR  GR  GR  GR  GR  GR  GR  GR  GR  GR  GR  GR  GR  GR  GR  GR  GR  GR  GR  GR  MT  FR  GR  GR  GR  SH  SE  SE  SE  SE  SE  SE  SE  SE  GR  GR  GR  GR  MT  RD  FR  GR  GR  GR  GR  GR  GR  GR  SH  SH  SE  SE  SE  SE  SE  SE  SH  SP  SH  SH  SE  SE  SE  SE  SH  GR  RD  RD  GR  GR  GR  GR
  SE  SE  SE  SH  GR  GR  GR  GR  FR  GR  GR  GR  GR  GR  GR  GR  GR  GR  GR  GR  GR  GR  GR  GR  GR  GR  GR  GR  GR  GR  GR  GR  GR  GR  CT  GR  GR  GR  GR  GR  GR  GR  GR  GR  GR  GR  CT  GR  GR  GR  GR  GR  GR  GR  GR  GR  GR  GR  GR  GR  GR  SH  SE  SE  SE  SE  SH  GR  GR  GR  GR  RD  RD  RD  RD  RD  GR  GR  GR  GR  MT  CT  GR  SP  SH  SE  SH  GR  FR  CT  GR  FR  GR  CT  GR  GR  GR  GR  RD  GR  GR  GR  GR  GR
  SE  SE  SE  SH  GR  FR  GR  GR  MT  MT  GR  GR  GR  GR  GR  GR  GR  GR  GR  GR  GR  GR  GR  GR  GR  FC  GR  GR  GR  GR  GR  GR  GR  GR  GR  GR  GR  GR  GR  GR  GR  GR  GR  GR  GR  GR  GR  GR  GR  GR  GR  GR  GR  GR  GR  GR  GR  CT  GR  GR  GR  GR  GR  SH  SE  SH  GR  GR  GR  GR  GR  CT  GR  GR  GR  RD  RD  RD  RD  GR  GR  GR  GR  FR  GR  GR  CT  GR  GR  GR  GR 8FC  RD  RD  RD  RD  RD  RD  RD  GR  GR  GR  GR  GR
  SE  SE  SE  SE  GR  GR  GR  GR  GR  MT  GR  GR  CT  GR  GR  GR  GR  GR  GR  GR  GR  GR  GR  GR  GR  GR  GR  GR  GR  GR  GR  GR  MT  GR  GR  MT  MT  GR  GR  MT  FR  GR  MT  GR  GR  GR  GR  FR  MT  GR  GR  GR  GR  GR  GR  GR  GR  GR  GR  GR  GR  GR  GR  GR  GR  FR  GR  GR  GR  GR  GR  GR  GR  GR  GR  GR  GR  GR  RD  RD  RD  RD  RD  RD  RD 8FC  GR  FR  AP 8HQ  GR  FR  GR  GR  GR  GR  FR  GR  GR  GR  GR  GR  GR  CT
  SE  SE  SE  SH  CT  GR  GR  GR  GR  GR  GR  GR  GR  GR  GR  GR  GR  GR  GR  GR  GR  GR  GR  GR  GR  GR  GR  GR  GR  GR  GR  GR  GR  GR  MT  MT  GR  GR  GR  GR  GR  GR  GR  MT  GR  GR  GR  MT  GR  GR  GR  GR  GR  GR  GR  GR  GR  GR  GR  GR  GR  GR  GR  GR  CT  GR  GR  GR  GR  GR  GR  GR  GR  GR  GR  GR  GR  GR  GR  CT  GR  GR  GR  CT  GR  GR  GR  CT  FR  GR  CT  FR  SE  FR  CT  GR  GR  CT  GR  FR  GR  MT  GR  FR
