  CT  GR  GR  GR  FR  BR  FR  FR  CT  RV  RV  GR  GR  AP  GR  GR  MT  GR  BK  MT  CT  FR
  GR  MT  MT  GR  GR  RV  RV  RV  SH  RV  FC  GR  GR  MT  MT  GR  GR  GR  GR  FR  GR  GR
  GR  MT  MT  GR  CT  GR  GR  FC  RV  RV  GR  FR  MT  MT  CT  GR  GR 2FC  GR  GR  GR  MT
  FR  GR  GR  GR  GR  RD  RD  RD  MT  BK  GR  MT  MT  GR  RD  MT  MT  GR  GR  MT  GR  GR
  RD  GR  MT  RD  BK  RD  MT  MT  CT  GR  GR  GR  GR  MT  GR  GR  GR  RD  RD  RD  CT  RD
  RD  FR  GR  GR  CT  GR  GR  GR  GR  BK  GR  GR  GR  FR  RD  CT  RD  RD  GR  GR  FR  RD
  CT  GR  GR  GR  GR  GR  MT  FR  GR 2TW  FR  GR  CT  SH  GR  GR  GR  MT  FR  GR  GR  RD
  FR  SH  GR  GR  FR  GR  GR  GR  SH  GR  PI  PI  SH  RF  SH  FR  CT  RD 2LB  GR  GR  MT
  MT  GR  GR 0LB  RD  CT  FR  SH  RF  SH  PI  PI  GR  SH  GR  GR  GR  FR  GR  GR  SH  FR
  RD  GR  GR  FR  MT  GR  GR  GR  SH  CT  GR  FR 0TW  GR  FR  MT  GR  GR  GR  GR  GR  CT
  RD  FR  GR  GR  RD  RD  CT  RD  FR  GR  GR  GR  BK  GR  GR  GR  GR  CT  GR  GR  FR  RD
  RD  CT  RD  RD  RD  GR  GR  GR  MT  GR  GR  GR  GR  CT  MT  MT  RD  BK  RD  MT  GR  RD
  GR  GR  MT  GR  GR  MT  MT  RD  GR  MT  MT  GR  BK  MT  RD  RD  RD  GR  GR  GR  GR  FR
  MT  GR  GR  GR 0FC  GR  GR  CT  MT  MT  FR  GR  RV  RV  FC  GR  GR  CT  GR  MT  MT  GR
  GR  GR  FR  GR  GR  GR  GR  MT  MT  GR  GR  FC  RV  SH  RV  RV  RV  GR  GR  MT  MT  GR
  FR  CT  MT  BK  GR  MT  GR  GR  AP  GR  GR  RV  RV  CT  FR  FR  BR  FR  GR  GR  GR  CT
team, unit type, x, y (author: Headphone3018)
2, infantry, 7, 0
0, infantry, 14, 15
2, infantry, 17, 2
