  MT  FR  GR  GR  GR  GR  FR  GR  CT  GR  GR  GR  RD  BR  RD  CT  GR  GR  MT  GR  FR
  MT  AP  MT  GR  SP  RD  GR  GR  GR  GR  GR  CT  RD  RV  GR  GR  GR  RD  RD  RD  CT
  FR  GR  SH  SE  SH  RD  BK 6LB  GR  FR  GR  PI  BR  RV  FR  GR  GR  FC  MT  RD  RD
  GR  RD 6FC  SE  SE  RD  RD  RD  MT  GR  GR  CT  FR  GR  GR  GR  GR  GR  FR  MT  RD
  RD  RD  FR  SE  SH  CT  MT  FR  GR  GR  RD  RD  GR  GR  MT  CT  GR  GR  FR  RD  RD
  CT  GR  GR  SH  SH  SH  GR  GR  LB  RD  RD  GR  GR  GR  MT  FR  GR  GR  GR  FC  GR
  GR  FR  GR  GR  SH  SH  GR  GR  GR  GR  GR  FR  CT  RD  RD  FR  MT  GR  CT  GR  GR
  GR  GR  PI  CT  SE  SH  TW  RD  FR  MT  GR  GR  GR  MT  RD  GR  FR  GR  GR  GR  MT
  GR  AP  ME  GR  GR  GR  MT  RD  GR  CT  GR  GR  GR  RD  RD  GR  GR  GR  PI  PI  FR
  FR  PI  PI  GR  GR  GR  RD  RD  GR  GR  GR  CT  GR  RD  MT  GR  GR  GR  ME  AP  GR
  MT  GR  GR  GR  FR  GR  RD  MT  GR  GR  GR  MT  FR  RD  TW  SH  SE  CT  PI  GR  GR
  GR  GR  CT  GR  MT  FR  RD  RD  CT  FR  GR  GR  GR  GR  GR  SH  SH  GR  GR  FR  GR
  GR  FC  GR  GR  GR  FR  MT  GR  GR  GR  RD  RD  LB  GR  GR  SH  SH  SH  GR  GR  CT
  RD  RD  FR  GR  GR  CT  MT  GR  GR  RD  RD  GR  GR  FR  MT  CT  SH  SE  FR  RD  RD
  RD  MT  FR  GR  GR  GR  GR  GR  FR  CT  GR  GR  MT  RD  RD  RD  SE  SE 1FC  RD  GR
  RD  RD  MT  FC  GR  GR  FR  RV  BR  PI  GR  FR  GR 1LB  BK  RD  SH  SE  SH  GR  FR
  CT  RD  RD  RD  GR  GR  GR  RV  RD  CT  GR  GR  GR  GR  GR  RD  SP  GR  MT  AP  MT
  FR  GR  MT  GR  GR  CT  RD  BR  RD  GR  GR  GR  CT  GR  FR  GR  GR  GR  GR  FR  MT
1, INFANTRY, 20, 4
6, INFANTRY, 2, 3
6, INFANTRY, 0, 13