  MT  MT  MT  RD  RD  RD  RD  RD  RD  TW  GR  GR  FR  RD  CT  GR  GR  RD  GR  MT
  MT  RD  RD  RD  GR10FC  GR  GR  RD  RD  MT  CT  GR  RD  RD  GR  FR  BR  CT  GR
  FR  RD  CT  GR  GR  GR  FR  FR  GR  RD  RD  GR  GR  GR  RD  GR  GR  RD  MT  GR
  GR  RD  RD  GR  GR  FR  CT  GR  GR  CT  RD  GR  GR  CT  FR  GR  CT  RD  RD  GR
  CT  GR  RD  BR  SP  SH  SH  GR  RV  RV  RV  RV  RV  FR  FR  GR  GR  GR  RD  AP
  GR  CT  SE  SE  SH  SE  SE  RV  RV  CT  RD  GR  RV  BR  BR  RV  RV  FR  RD  GR
  MT  FR  GR  SE  MT  SH  SH10LB  GR  RD  RD  GR  CT  RD  RD  CT  RV  BR  BR  RV
  FR  FR  RV  RV  CT  SH  SH  GR  RD  RD  FR  GR  GR  FR  RD  GR  GR  RD  RD  FR
  RV  BR  RV  FR  GR  SH  SH  SP  RD  GR  CT  GR  GR  GR  CT  GR  RD  RD  RD  FR
  GR  RD  FR  GR  CT  SE  SE  SE  SE  SH  SH  GR  MT  GR  GR  FR  RD  RD  GR  CT
  FC  RD  GR  GR  GR  SH  SE  SE  SE  SE  SE  SH  SP  MT  GR  GR  FC  RD  GR  GR
  MT  RD  CT  GR  FR  GR  SE  SE  SE  RF  SE  SE  SE  GR  GR  GR  GR  RD  RD  MT
  MT  RD  RD  GR  GR  GR  GR  SE  SE  SE  RF  SE  SE  SE  GR  FR  GR  CT  RD  MT
  GR  GR  RD  FC  GR  GR  MT  SP  SH  SE  SE  SE  SE  SE  SH  GR  GR  GR  RD  FC
  CT  GR  RD  RD  FR  GR  GR  MT  GR  SH  SH  SE  SE  SE  SE  CT  GR  FR  RD  GR
  FR  RD  RD  RD  GR  CT  GR  GR  GR  CT  GR  RD  SP  SH  SH  GR  FR  RV  BR  RV
  FR  RD  RD  GR  GR  RD  FR  GR  GR  FR  RD  RD  GR  SH  SH  CT  RV  RV  FR  FR
  RV  BR  BR  RV  CT  RD  RD  CT  GR  RD  RD  GR12LB  SH  SH  MT  SE  GR  FR  MT
  GR  RD  FR  RV  RV  BR  BR  RV  GR  RD  CT  RV  RV  SE  SE  SH  SE  GR  CT  GR
  AP  RD  GR  GR  GR  FR  FR  RV  RV  RV  RV  RV  GR  SH  SH  SP  BR  RD  GR  CT
  GR  RD  RD  CT  GR  FR  CT  GR  GR  RD  CT  GR  GR  CT  FR  GR  GR  RD  RD  GR
  GR  MT  RD  GR  GR  RD  GR  GR  GR  RD  RD  GR  FR  FR  GR  GR  GR  CT  RD  FR
  GR  CT  BR  FR  GR  RD  RD  GR  CT  MT  RD  RD  GR  GR12FC  GR  RD  RD  RD  MT
  MT  GR  RD  GR  GR  CT  RD  FR  GR  GR  TW  RD  RD  RD  RD  RD  RD  MT  MT  MT
10, INFANTRY, 3, 13
12, INFANTRY, 16, 10
12, INFANTRY, 14, 22