  CT  CT  FR  SE  SE  SH  AP  BR  RD  RD 2FC  GR  FR  GR  FR  RD  RD  SE  SE  SE  SE  CT  GR  MT  GR  TW  MT  AP
  GR  GR  GR  MT  SE  SE  SH  FR  FR  CT  GR  FR  GR  CT  CT  RD  CT  BK  SH  SE  SE  SE  SH  SH 2FC  GR  GR  MT
  GR 2FC  FR  GR  MT  SE  SE  SE  SE  SE  SH  SH  SH  GR  FR  RD  MT  RD  SH  SE  SE  SE  SE  SE  GR  FR  CT  CT
  SP  RV  BR  BR  CT  SE  SE  SE  SE  SE  SE  SE  SE  SH  FR  CT  RD  FR  CT  SH  SE  RF  SE  SE  SP  GR  GR  SH
  SE  RV 2LB  RD  GR  SH  SE  SE  LB  SH  SE  SE  SE  SE  SH  GR 8LB  RD  RD  SH  SE  SE  SE  SE  SE  SH  GR  SE
  SE  SH  RD  RD  FR  SH  SE  SE  SE  SE  SE  SE  SE  SE  SE  FR  MT  RD  RD  SH  SE  SE  SE  SE  SE  SE  SH  SE
  SE  SE  RD  CT  GR  SE  SE  RF  SE  SE  SP  SE  SE  SE  SE  SH  GR  FR  RD  SE  SE  SH  SE  SE  SE  SE  SE  SE
  SE  SE  SH  GR  CT  SE  SE  SE  SE  SE  FR  SH  SE  RF  SE  SH  GR  CT 8FC  SE  SE  CT  SE  SE  SH  SE  RF  SE
  SE  SE  SH  FR  SE  SE  SE  SE  SE  SH  GR  SH  SE  SE  SE  SE  SH  GR  SH  SE  SE  SE  SE  SE  FR  SH  SE  SE
  SE  RF  SE  SH  SE  SE  CT  SE  SE 2FC 8CT  GR  SH  SE  RF  SE  SH  FR  SE  SE  SE  SE  SE  CT  GR  SH  SE  SE
  SE  SE  SE  SE  SE  SE  SH  SE  SE  RD  FR  GR  SH  SE  SE  SE  SE  SP  SE  SE  RF  SE  SE  GR  CT  RD  SE  SE
  SE  SH  SE  SE  SE  SE  SE  SE  SH  RD  RD  MT  FR  SE  SE  SE  SE  SE  SE  SE  SE  SE  SH  FR  RD  RD  SH  SE
  SE  GR  SH  SE  SE  SE  SE  SE  SH  RD  RD 2LB  GR  SH  SE  SE  SE  SE  SH  LB  SE  SE  SH  GR  RD 8LB  RV  SE
  SH  GR  GR  SP  SE  SE  RF  SE  SH  CT  FR  RD  CT  FR  SH  SE  SE  SE  SE  SE  SE  SE  SE  CT  BR  BR  RV  SP
  CT  CT  FR  GR  SE  SE  SE  SE  SE  SH  RD  MT  RD  FR  GR  SH  SH  SH  SE  SE  SE  SE  SE  MT  RD  FR 8FC  GR
  MT  GR  GR 8FC  SH  SH  SE  SE  SE  SH  BK  CT  RD  CT  CT  GR  FR  GR  CT  FR  FR  SH  SE  SE  MT  GR  GR  GR
  AP  MT  TW  GR  MT  GR  CT  SE  SE  SE  SE  RD  RD  FR  GR  FR  GR 8FC  RD  RD  BR  AP  SH  SE  SE  FR  CT  CT
2, INFANTRY, 9, 9
8, INFANTRY, 18, 7
8, INFANTRY, 3, 15
8, INFANTRY, 17, 16
